[     281ms] [INFO] %cDownload the React DevTools for a better development experience: https://react.dev/link/react-devtools font-weight:bold @ http://localhost:3210/_next/static/chunks/node_modules_next_dist_1ybzpk2._.js:2477
[     337ms] [LOG] [HMR] connected @ http://localhost:3210/_next/static/chunks/node_modules_next_dist_1ybzpk2._.js:2477
[     600ms] [LOG] [Fast Refresh] rebuilding @ http://localhost:3210/_next/static/chunks/node_modules_next_dist_1ybzpk2._.js:2477
[     656ms] [LOG] [Fast Refresh] done in 156ms @ http://localhost:3210/_next/static/chunks/node_modules_next_dist_1ybzpk2._.js:2477
[   59364ms] [LOG] [Fast Refresh] rebuilding @ http://localhost:3210/_next/static/chunks/node_modules_next_dist_1ybzpk2._.js:2477
[   59366ms] [LOG] [Fast Refresh] done in 102ms @ http://localhost:3210/_next/static/chunks/node_modules_next_dist_1ybzpk2._.js:2477
[   73151ms] [LOG] [dbg] render effect {hasCanvas: true, hasOrig: false, tone: 0, showOriginal: false, busy: false} @ http://localhost:3210/_next/static/chunks/node_modules_next_dist_1ybzpk2._.js:2477
[   73157ms] [LOG] [dbg] render effect {hasCanvas: true, hasOrig: false, tone: 0, showOriginal: false, busy: false} @ http://localhost:3210/_next/static/chunks/node_modules_next_dist_1ybzpk2._.js:2477
[   93829ms] [LOG] [dbg] render effect {hasCanvas: true, hasOrig: true, tone: 40, showOriginal: false, busy: false} @ http://localhost:3210/_next/static/chunks/node_modules_next_dist_1ybzpk2._.js:2477
[   93830ms] [LOG] [dbg] pump {hasWorker: true, hasNext: true, hasOrig: true, busy: false} @ http://localhost:3210/_next/static/chunks/node_modules_next_dist_1ybzpk2._.js:2477
[   93846ms] [LOG] [dbg] pump {hasWorker: true, hasNext: false, hasOrig: true, busy: false} @ http://localhost:3210/_next/static/chunks/node_modules_next_dist_1ybzpk2._.js:2477
[   93978ms] [LOG] [dbg] render effect {hasCanvas: true, hasOrig: true, tone: 41, showOriginal: false, busy: false} @ http://localhost:3210/_next/static/chunks/node_modules_next_dist_1ybzpk2._.js:2477
[   93979ms] [LOG] [dbg] pump {hasWorker: true, hasNext: true, hasOrig: true, busy: false} @ http://localhost:3210/_next/static/chunks/node_modules_next_dist_1ybzpk2._.js:2477
[   94006ms] [LOG] [dbg] pump {hasWorker: true, hasNext: false, hasOrig: true, busy: false} @ http://localhost:3210/_next/static/chunks/node_modules_next_dist_1ybzpk2._.js:2477
[   94121ms] [WARNING] Canvas2D: Multiple readback operations using getImageData are faster with the willReadFrequently attribute set to true. See: https://html.spec.whatwg.org/multipage/canvas.html#concept-canvas-will-read-frequently @ :9
[   94131ms] [LOG] [dbg] render effect {hasCanvas: true, hasOrig: true, tone: 43, showOriginal: false, busy: false} @ http://localhost:3210/_next/static/chunks/node_modules_next_dist_1ybzpk2._.js:2477
[   94132ms] [LOG] [dbg] pump {hasWorker: true, hasNext: true, hasOrig: true, busy: false} @ http://localhost:3210/_next/static/chunks/node_modules_next_dist_1ybzpk2._.js:2477
[   94155ms] [LOG] [dbg] pump {hasWorker: true, hasNext: false, hasOrig: true, busy: false} @ http://localhost:3210/_next/static/chunks/node_modules_next_dist_1ybzpk2._.js:2477
[  137386ms] [ERROR] WebSocket connection to 'ws://localhost:3210/_next/webpack-hmr?id=s79EDiJtlfjJHetR7M9fG' failed: Error in connection establishment: net::ERR_CONNECTION_REFUSED @ http://localhost:3210/_next/static/chunks/node_modules_next_dist_client_0r5nbpw._.js:13422
[  138388ms] [ERROR] WebSocket connection to 'ws://localhost:3210/_next/webpack-hmr?id=s79EDiJtlfjJHetR7M9fG' failed: Error in connection establishment: net::ERR_CONNECTION_REFUSED @ http://localhost:3210/_next/static/chunks/node_modules_next_dist_client_0r5nbpw._.js:13422
[  139389ms] [ERROR] WebSocket connection to 'ws://localhost:3210/_next/webpack-hmr?id=s79EDiJtlfjJHetR7M9fG' failed: Error in connection establishment: net::ERR_CONNECTION_REFUSED @ http://localhost:3210/_next/static/chunks/node_modules_next_dist_client_0r5nbpw._.js:13422
[  140392ms] [ERROR] WebSocket connection to 'ws://localhost:3210/_next/webpack-hmr?id=s79EDiJtlfjJHetR7M9fG' failed: Error in connection establishment: net::ERR_CONNECTION_REFUSED @ http://localhost:3210/_next/static/chunks/node_modules_next_dist_client_0r5nbpw._.js:13422
[  141395ms] [ERROR] WebSocket connection to 'ws://localhost:3210/_next/webpack-hmr?id=s79EDiJtlfjJHetR7M9fG' failed: Error in connection establishment: net::ERR_CONNECTION_REFUSED @ http://localhost:3210/_next/static/chunks/node_modules_next_dist_client_0r5nbpw._.js:13422
[  146398ms] [ERROR] WebSocket connection to 'ws://localhost:3210/_next/webpack-hmr?id=s79EDiJtlfjJHetR7M9fG' failed: Error in connection establishment: net::ERR_CONNECTION_REFUSED @ http://localhost:3210/_next/static/chunks/node_modules_next_dist_client_0r5nbpw._.js:13422
[  151400ms] [ERROR] WebSocket connection to 'ws://localhost:3210/_next/webpack-hmr?id=s79EDiJtlfjJHetR7M9fG' failed: Error in connection establishment: net::ERR_CONNECTION_REFUSED @ http://localhost:3210/_next/static/chunks/node_modules_next_dist_client_0r5nbpw._.js:13422
[  156404ms] [ERROR] WebSocket connection to 'ws://localhost:3210/_next/webpack-hmr?id=s79EDiJtlfjJHetR7M9fG' failed: Error in connection establishment: net::ERR_CONNECTION_REFUSED @ http://localhost:3210/_next/static/chunks/node_modules_next_dist_client_0r5nbpw._.js:13422
[  161405ms] [ERROR] WebSocket connection to 'ws://localhost:3210/_next/webpack-hmr?id=s79EDiJtlfjJHetR7M9fG' failed: Error in connection establishment: net::ERR_CONNECTION_REFUSED @ http://localhost:3210/_next/static/chunks/node_modules_next_dist_client_0r5nbpw._.js:13422
[  166406ms] [ERROR] WebSocket connection to 'ws://localhost:3210/_next/webpack-hmr?id=s79EDiJtlfjJHetR7M9fG' failed: Error in connection establishment: net::ERR_CONNECTION_REFUSED @ http://localhost:3210/_next/static/chunks/node_modules_next_dist_client_0r5nbpw._.js:13422
[  171409ms] [ERROR] WebSocket connection to 'ws://localhost:3210/_next/webpack-hmr?id=s79EDiJtlfjJHetR7M9fG' failed: Error in connection establishment: net::ERR_CONNECTION_REFUSED @ http://localhost:3210/_next/static/chunks/node_modules_next_dist_client_0r5nbpw._.js:13422
[  176412ms] [ERROR] WebSocket connection to 'ws://localhost:3210/_next/webpack-hmr?id=s79EDiJtlfjJHetR7M9fG' failed: Error in connection establishment: net::ERR_CONNECTION_REFUSED @ http://localhost:3210/_next/static/chunks/node_modules_next_dist_client_0r5nbpw._.js:13422
[  224304ms] [INFO] %cDownload the React DevTools for a better development experience: https://react.dev/link/react-devtools font-weight:bold @ http://localhost:3210/_next/static/chunks/node_modules_next_dist_1ybzpk2._.js:2477
[  224347ms] [LOG] [HMR] connected @ http://localhost:3210/_next/static/chunks/node_modules_next_dist_1ybzpk2._.js:2477
