[     499ms] [INFO] %cDownload the React DevTools for a better development experience: https://react.dev/link/react-devtools font-weight:bold @ http://localhost:3210/_next/static/chunks/node_modules_next_dist_1ybzpk2._.js:2477
[     552ms] [LOG] [HMR] connected @ http://localhost:3210/_next/static/chunks/node_modules_next_dist_1ybzpk2._.js:2477
[     845ms] [LOG] [Fast Refresh] rebuilding @ http://localhost:3210/_next/static/chunks/node_modules_next_dist_1ybzpk2._.js:2477
[     941ms] [LOG] [Fast Refresh] done in 197ms @ http://localhost:3210/_next/static/chunks/node_modules_next_dist_1ybzpk2._.js:2477
[   17086ms] [LOG] [Fast Refresh] rebuilding @ http://localhost:3210/_next/static/chunks/node_modules_next_dist_1ybzpk2._.js:2477
[   17157ms] [LOG] [Fast Refresh] done in 172ms @ http://localhost:3210/_next/static/chunks/node_modules_next_dist_1ybzpk2._.js:2477
[   34305ms] [LOG] [Fast Refresh] rebuilding @ http://localhost:3210/_next/static/chunks/node_modules_next_dist_1ybzpk2._.js:2477
[   34332ms] [LOG] [Fast Refresh] done in 128ms @ http://localhost:3210/_next/static/chunks/node_modules_next_dist_1ybzpk2._.js:2477
[   71846ms] [WARNING] Canvas2D: Multiple readback operations using getImageData are faster with the willReadFrequently attribute set to true. See: https://html.spec.whatwg.org/multipage/canvas.html#concept-canvas-will-read-frequently @ :10
[  177468ms] [LOG] [Fast Refresh] rebuilding @ http://localhost:3210/_next/static/chunks/node_modules_next_dist_1ybzpk2._.js:2477
[  177627ms] [LOG] [Fast Refresh] done in 261ms @ http://localhost:3210/_next/static/chunks/node_modules_next_dist_1ybzpk2._.js:2477
[  191509ms] [LOG] [Fast Refresh] rebuilding @ http://localhost:3210/_next/static/chunks/node_modules_next_dist_1ybzpk2._.js:2477
[  191624ms] [LOG] [Fast Refresh] done in 216ms @ http://localhost:3210/_next/static/chunks/node_modules_next_dist_1ybzpk2._.js:2477
[  206278ms] [LOG] [Fast Refresh] rebuilding @ http://localhost:3210/_next/static/chunks/node_modules_next_dist_1ybzpk2._.js:2477
[  206350ms] [LOG] [Fast Refresh] done in 172ms @ http://localhost:3210/_next/static/chunks/node_modules_next_dist_1ybzpk2._.js:2477
[  221117ms] [WARNING] Canvas2D: Multiple readback operations using getImageData are faster with the willReadFrequently attribute set to true. See: https://html.spec.whatwg.org/multipage/canvas.html#concept-canvas-will-read-frequently @ :9
[  409906ms] [LOG] [Fast Refresh] rebuilding @ http://localhost:3210/_next/static/chunks/node_modules_next_dist_1ybzpk2._.js:2477
[  411340ms] [LOG] [dbg] pump id=4 origSum=2875598 copySum=2875598 origByteLen=147456 @ http://localhost:3210/_next/static/chunks/node_modules_next_dist_1ybzpk2._.js:2477
[  411347ms] [LOG] [dbg] posted; origByteLen after=147456 @ http://localhost:3210/_next/static/chunks/node_modules_next_dist_1ybzpk2._.js:2477
[  411350ms] [LOG] [Fast Refresh] done in 1515ms @ http://localhost:3210/_next/static/chunks/node_modules_next_dist_1ybzpk2._.js:2477
