[     168ms] [LOG] [Fast Refresh] rebuilding @ http://localhost:3210/_next/static/chunks/node_modules_next_dist_1ybzpk2._.js:2477
[     233ms] [LOG] [Fast Refresh] done in 166ms @ http://localhost:3210/_next/static/chunks/node_modules_next_dist_1ybzpk2._.js:2477
[     359ms] [LOG] [Fast Refresh] rebuilding @ http://localhost:3210/_next/static/chunks/node_modules_next_dist_1ybzpk2._.js:2477
[     820ms] [INFO] %cDownload the React DevTools for a better development experience: https://react.dev/link/react-devtools font-weight:bold @ http://localhost:3210/_next/static/chunks/node_modules_next_dist_1ybzpk2._.js:2477
[     965ms] [LOG] [HMR] connected @ http://localhost:3210/_next/static/chunks/node_modules_next_dist_1ybzpk2._.js:2477
[   69734ms] [LOG] [Fast Refresh] rebuilding @ http://localhost:3210/_next/static/chunks/node_modules_next_dist_1ybzpk2._.js:2477
[   70007ms] [LOG] [Fast Refresh] done in 373ms @ http://localhost:3210/_next/static/chunks/node_modules_next_dist_1ybzpk2._.js:2477
[   82079ms] [LOG] [dbg] render effect {hasCanvas: true, hasOrig: false, tone: 0, showOriginal: false, busy: false} @ http://localhost:3210/_next/static/chunks/node_modules_next_dist_1ybzpk2._.js:2477
[   82093ms] [LOG] [dbg] render effect {hasCanvas: true, hasOrig: false, tone: 0, showOriginal: false, busy: false} @ http://localhost:3210/_next/static/chunks/node_modules_next_dist_1ybzpk2._.js:2477
[   87911ms] [LOG] [Fast Refresh] rebuilding @ http://localhost:3210/_next/static/chunks/node_modules_next_dist_1ybzpk2._.js:2477
[   88044ms] [LOG] [Fast Refresh] done in 236ms @ http://localhost:3210/_next/static/chunks/node_modules_next_dist_1ybzpk2._.js:2477
[  102187ms] [LOG] [dbg] render effect {hasCanvas: true, hasOrig: true, tone: 40, showOriginal: false, busy: false} @ http://localhost:3210/_next/static/chunks/node_modules_next_dist_1ybzpk2._.js:2477
[  102196ms] [LOG] [dbg] pump {hasWorker: true, hasNext: true, hasOrig: true, busy: false} @ http://localhost:3210/_next/static/chunks/node_modules_next_dist_1ybzpk2._.js:2477
[  102230ms] [LOG] [dbg] pump {hasWorker: true, hasNext: false, hasOrig: true, busy: false} @ http://localhost:3210/_next/static/chunks/node_modules_next_dist_1ybzpk2._.js:2477
[  102350ms] [LOG] [dbg] render effect {hasCanvas: true, hasOrig: true, tone: 41, showOriginal: false, busy: false} @ http://localhost:3210/_next/static/chunks/node_modules_next_dist_1ybzpk2._.js:2477
[  102355ms] [LOG] [dbg] pump {hasWorker: true, hasNext: true, hasOrig: true, busy: false} @ http://localhost:3210/_next/static/chunks/node_modules_next_dist_1ybzpk2._.js:2477
[  102411ms] [LOG] [dbg] pump {hasWorker: true, hasNext: false, hasOrig: true, busy: false} @ http://localhost:3210/_next/static/chunks/node_modules_next_dist_1ybzpk2._.js:2477
[  102498ms] [WARNING] Canvas2D: Multiple readback operations using getImageData are faster with the willReadFrequently attribute set to true. See: https://html.spec.whatwg.org/multipage/canvas.html#concept-canvas-will-read-frequently @ :9
[  102512ms] [LOG] [dbg] render effect {hasCanvas: true, hasOrig: true, tone: 43, showOriginal: false, busy: false} @ http://localhost:3210/_next/static/chunks/node_modules_next_dist_1ybzpk2._.js:2477
[  102515ms] [LOG] [dbg] pump {hasWorker: true, hasNext: true, hasOrig: true, busy: false} @ http://localhost:3210/_next/static/chunks/node_modules_next_dist_1ybzpk2._.js:2477
[  102574ms] [LOG] [dbg] pump {hasWorker: true, hasNext: false, hasOrig: true, busy: false} @ http://localhost:3210/_next/static/chunks/node_modules_next_dist_1ybzpk2._.js:2477
[  102667ms] [LOG] [dbg] render effect {hasCanvas: true, hasOrig: true, tone: 44, showOriginal: false, busy: false} @ http://localhost:3210/_next/static/chunks/node_modules_next_dist_1ybzpk2._.js:2477
[  102671ms] [LOG] [dbg] pump {hasWorker: true, hasNext: true, hasOrig: true, busy: false} @ http://localhost:3210/_next/static/chunks/node_modules_next_dist_1ybzpk2._.js:2477
[  102719ms] [LOG] [dbg] pump {hasWorker: true, hasNext: false, hasOrig: true, busy: false} @ http://localhost:3210/_next/static/chunks/node_modules_next_dist_1ybzpk2._.js:2477
[  102822ms] [LOG] [dbg] render effect {hasCanvas: true, hasOrig: true, tone: 45, showOriginal: false, busy: false} @ http://localhost:3210/_next/static/chunks/node_modules_next_dist_1ybzpk2._.js:2477
[  102826ms] [LOG] [dbg] pump {hasWorker: true, hasNext: true, hasOrig: true, busy: false} @ http://localhost:3210/_next/static/chunks/node_modules_next_dist_1ybzpk2._.js:2477
[  102875ms] [LOG] [dbg] pump {hasWorker: true, hasNext: false, hasOrig: true, busy: false} @ http://localhost:3210/_next/static/chunks/node_modules_next_dist_1ybzpk2._.js:2477
[  382726ms] [LOG] [Fast Refresh] rebuilding @ http://localhost:3210/_next/static/chunks/node_modules_next_dist_1ybzpk2._.js:2477
[  382919ms] [LOG] [dbg] render effect {hasCanvas: true, hasOrig: true, tone: 45, showOriginal: false, busy: false} @ http://localhost:3210/_next/static/chunks/node_modules_next_dist_1ybzpk2._.js:2477
[  382922ms] [LOG] [dbg] pump {hasWorker: true, hasNext: true, hasOrig: true, busy: false} @ http://localhost:3210/_next/static/chunks/node_modules_next_dist_1ybzpk2._.js:2477
[  382929ms] [LOG] [Fast Refresh] done in 279ms @ http://localhost:3210/_next/static/chunks/node_modules_next_dist_1ybzpk2._.js:2477
[  383068ms] [LOG] [dbg] pump {hasWorker: true, hasNext: false, hasOrig: true, busy: false} @ http://localhost:3210/_next/static/chunks/node_modules_next_dist_1ybzpk2._.js:2477
[  423706ms] [LOG] [Fast Refresh] rebuilding @ http://localhost:3210/_next/static/chunks/node_modules_next_dist_1ybzpk2._.js:2477
[  425978ms] [LOG] [Fast Refresh] done in 2353ms @ http://localhost:3210/_next/static/chunks/node_modules_next_dist_1ybzpk2._.js:2477
[  426080ms] [LOG] [Fast Refresh] rebuilding @ http://localhost:3210/_next/static/chunks/node_modules_next_dist_1ybzpk2._.js:2477
[  426174ms] [LOG] [Fast Refresh] done in 195ms @ http://localhost:3210/_next/static/chunks/node_modules_next_dist_1ybzpk2._.js:2477
[  441894ms] [LOG] [Fast Refresh] rebuilding @ http://localhost:3210/_next/static/chunks/node_modules_next_dist_1ybzpk2._.js:2477
[  441949ms] [LOG] [Fast Refresh] done in 156ms @ http://localhost:3210/_next/static/chunks/node_modules_next_dist_1ybzpk2._.js:2477
