[     386ms] [INFO] %cDownload the React DevTools for a better development experience: https://react.dev/link/react-devtools font-weight:bold @ http://localhost:3210/_next/static/chunks/node_modules_next_dist_1ybzpk2._.js:2477
[     467ms] [LOG] [HMR] connected @ http://localhost:3210/_next/static/chunks/node_modules_next_dist_1ybzpk2._.js:2477
[     723ms] [LOG] [Fast Refresh] rebuilding @ http://localhost:3210/_next/static/chunks/node_modules_next_dist_1ybzpk2._.js:2477
[     868ms] [LOG] [Fast Refresh] done in 245ms @ http://localhost:3210/_next/static/chunks/node_modules_next_dist_1ybzpk2._.js:2477
[   21640ms] [LOG] [Fast Refresh] rebuilding @ http://localhost:3210/_next/static/chunks/node_modules_next_dist_1ybzpk2._.js:2477
[   21756ms] [LOG] [Fast Refresh] done in 216ms @ http://localhost:3210/_next/static/chunks/node_modules_next_dist_1ybzpk2._.js:2477
[   40772ms] [LOG] [Fast Refresh] rebuilding @ http://localhost:3210/_next/static/chunks/node_modules_next_dist_1ybzpk2._.js:2477
[   40792ms] [LOG] [Fast Refresh] done in 120ms @ http://localhost:3210/_next/static/chunks/node_modules_next_dist_1ybzpk2._.js:2477
[   51824ms] [LOG] [dbg] pump id=2 origSum=2875598 copySum=2875598 origByteLen=147456 @ http://localhost:3210/_next/static/chunks/node_modules_next_dist_1ybzpk2._.js:2477
[   51826ms] [LOG] [dbg] posted; origByteLen after=147456 @ http://localhost:3210/_next/static/chunks/node_modules_next_dist_1ybzpk2._.js:2477
[   52032ms] [LOG] [dbg] pump id=3 origSum=2875598 copySum=2875598 origByteLen=147456 @ http://localhost:3210/_next/static/chunks/node_modules_next_dist_1ybzpk2._.js:2477
[   52034ms] [LOG] [dbg] posted; origByteLen after=147456 @ http://localhost:3210/_next/static/chunks/node_modules_next_dist_1ybzpk2._.js:2477
[   95047ms] [LOG] [Fast Refresh] rebuilding @ http://localhost:3210/_next/static/chunks/node_modules_next_dist_1ybzpk2._.js:2477
[   96361ms] [LOG] [dbg] pump id=4 origSum=2875598 copySum=2875598 origByteLen=147456 adj={"saturation":100,"gamma":100,"tone":41} @ http://localhost:3210/_next/static/chunks/node_modules_next_dist_1ybzpk2._.js:2477
[   96368ms] [LOG] [dbg] posted; origByteLen after=147456 @ http://localhost:3210/_next/static/chunks/node_modules_next_dist_1ybzpk2._.js:2477
[   96373ms] [LOG] [Fast Refresh] done in 1386ms @ http://localhost:3210/_next/static/chunks/node_modules_next_dist_1ybzpk2._.js:2477
[  102823ms] [LOG] [Fast Refresh] rebuilding @ http://localhost:3210/_next/static/chunks/node_modules_next_dist_1ybzpk2._.js:2477
[  102844ms] [LOG] [dbg] pump id=5 origSum=2875598 copySum=2875598 origByteLen=147456 adj={"saturation":100,"gamma":100,"tone":41} @ http://localhost:3210/_next/static/chunks/node_modules_next_dist_1ybzpk2._.js:2477
[  102847ms] [LOG] [dbg] posted; origByteLen after=147456 @ http://localhost:3210/_next/static/chunks/node_modules_next_dist_1ybzpk2._.js:2477
[  102857ms] [LOG] [Fast Refresh] done in 108ms @ http://localhost:3210/_next/static/chunks/node_modules_next_dist_1ybzpk2._.js:2477
[  102865ms] [LOG] [dbg][worker] adj= {"saturation":100,"gamma":100,"tone":41} keys= saturation,gamma,tone @ blob:http://localhost:3210/9f615a42-9c28-4c29-a6be-e30e189bb6ce:4
[  102866ms] [LOG] [dbg][worker] inv= 1 s= 1 shift= 18.45 lut128= 128 pxIn= 0 0 128 @ blob:http://localhost:3210/9f615a42-9c28-4c29-a6be-e30e189bb6ce:8
