[     333ms] [INFO] %cDownload the React DevTools for a better development experience: https://react.dev/link/react-devtools font-weight:bold @ http://localhost:3210/_next/static/chunks/node_modules_next_dist_1ybzpk2._.js:2477
[     416ms] [LOG] [HMR] connected @ http://localhost:3210/_next/static/chunks/node_modules_next_dist_1ybzpk2._.js:2477
[     685ms] [LOG] [Fast Refresh] rebuilding @ http://localhost:3210/_next/static/chunks/node_modules_next_dist_1ybzpk2._.js:2477
[     837ms] [LOG] [Fast Refresh] done in 256ms @ http://localhost:3210/_next/static/chunks/node_modules_next_dist_1ybzpk2._.js:2477
[    6934ms] [LOG] [Fast Refresh] rebuilding @ http://localhost:3210/_next/static/chunks/node_modules_next_dist_1ybzpk2._.js:2477
[    6988ms] [LOG] [Fast Refresh] done in 155ms @ http://localhost:3210/_next/static/chunks/node_modules_next_dist_1ybzpk2._.js:2477
[   20278ms] [LOG] [Fast Refresh] rebuilding @ http://localhost:3210/_next/static/chunks/node_modules_next_dist_1ybzpk2._.js:2477
[   20289ms] [LOG] [Fast Refresh] done in 111ms @ http://localhost:3210/_next/static/chunks/node_modules_next_dist_1ybzpk2._.js:2477
[   32629ms] [LOG] [dbg] pump id=2 origSum=2875598 copySum=2875598 origByteLen=147456 adj={"saturation":100,"gamma":100,"tone":40} @ http://localhost:3210/_next/static/chunks/node_modules_next_dist_1ybzpk2._.js:2477
[   32632ms] [LOG] [dbg][worker] adj= {"saturation":100,"gamma":100,"tone":40} keys= saturation,gamma,tone @ blob:http://localhost:3210/eef35037-5305-4a57-a190-e3aed9e89b8e:4
[   32633ms] [LOG] [dbg][worker] inv= 1 s= 1 shift= 18 lut128= 128 pxIn= 0 0 128 @ blob:http://localhost:3210/eef35037-5305-4a57-a190-e3aed9e89b8e:8
[   32633ms] [LOG] [dbg] posted; origByteLen after=147456 @ http://localhost:3210/_next/static/chunks/node_modules_next_dist_1ybzpk2._.js:2477
[   32643ms] [LOG] [dbg][worker] done len= 147456 sumOut= 2869982 zeroPx= 0 / 10000 pxOut= 18 0 110 @ blob:http://localhost:3210/eef35037-5305-4a57-a190-e3aed9e89b8e:16
[   32646ms] [LOG] [dbg] recv id=2 len=147456 sum=2869982 zeros=0 byteLen=147456 @ http://localhost:3210/_next/static/chunks/node_modules_next_dist_1ybzpk2._.js:2477
[   32888ms] [LOG] [dbg] pump id=3 origSum=2875598 copySum=2875598 origByteLen=147456 adj={"saturation":100,"gamma":100,"tone":41} @ http://localhost:3210/_next/static/chunks/node_modules_next_dist_1ybzpk2._.js:2477
[   32889ms] [LOG] [dbg][worker] adj= {"saturation":100,"gamma":100,"tone":41} keys= saturation,gamma,tone @ blob:http://localhost:3210/eef35037-5305-4a57-a190-e3aed9e89b8e:4
[   32889ms] [LOG] [dbg][worker] inv= 1 s= 1 shift= 18.45 lut128= 128 pxIn= 0 0 128 @ blob:http://localhost:3210/eef35037-5305-4a57-a190-e3aed9e89b8e:8
[   32889ms] [LOG] [dbg] posted; origByteLen after=147456 @ http://localhost:3210/_next/static/chunks/node_modules_next_dist_1ybzpk2._.js:2477
[   32921ms] [LOG] [dbg][worker] done len= 147456 sumOut= 0 zeroPx= 10000 / 10000 pxOut= 0 0 0 @ blob:http://localhost:3210/eef35037-5305-4a57-a190-e3aed9e89b8e:16
[   32923ms] [LOG] [dbg] recv id=3 len=147456 sum=0 zeros=10000 byteLen=147456 @ http://localhost:3210/_next/static/chunks/node_modules_next_dist_1ybzpk2._.js:2477
[   84286ms] [LOG] [Fast Refresh] rebuilding @ http://localhost:3210/_next/static/chunks/node_modules_next_dist_1ybzpk2._.js:2477
[   84299ms] [LOG] [dbg] pump id=4 origSum=2875598 copySum=2875598 origByteLen=147456 adj={"saturation":100,"gamma":100,"tone":41} @ http://localhost:3210/_next/static/chunks/node_modules_next_dist_1ybzpk2._.js:2477
[   84302ms] [LOG] [dbg] posted; origByteLen after=147456 @ http://localhost:3210/_next/static/chunks/node_modules_next_dist_1ybzpk2._.js:2477
[   84320ms] [LOG] [Fast Refresh] done in 89ms @ http://localhost:3210/_next/static/chunks/node_modules_next_dist_1ybzpk2._.js:2477
[   84327ms] [LOG] [dbg][worker] adj= {"saturation":100,"gamma":100,"tone":41} keys= saturation,gamma,tone @ blob:http://localhost:3210/fc094612-b574-406a-bcac-ceb934874007:4
[   84327ms] [LOG] [dbg][worker] inv= 1 s= 1 shift= 18.45 lut128= 128 pxIn= 0 0 128 @ blob:http://localhost:3210/fc094612-b574-406a-bcac-ceb934874007:8
[   84365ms] [LOG] [dbg][worker] done len= 147456 sumOut= 0 zeroPx= 10000 / 10000 pxOut= 0 0 0 @ blob:http://localhost:3210/fc094612-b574-406a-bcac-ceb934874007:16
[   84366ms] [LOG] [dbg] recv id=4 len=147456 sum=0 zeros=10000 byteLen=147456 @ http://localhost:3210/_next/static/chunks/node_modules_next_dist_1ybzpk2._.js:2477
[   93056ms] [LOG] [Fast Refresh] rebuilding @ http://localhost:3210/_next/static/chunks/node_modules_next_dist_1ybzpk2._.js:2477
[   93090ms] [LOG] [dbg] pump id=5 origSum=2875598 copySum=2875598 origByteLen=147456 adj={"saturation":100,"gamma":100,"tone":41} @ http://localhost:3210/_next/static/chunks/node_modules_next_dist_1ybzpk2._.js:2477
[   93092ms] [LOG] [dbg] posted; origByteLen after=147456 @ http://localhost:3210/_next/static/chunks/node_modules_next_dist_1ybzpk2._.js:2477
[   93096ms] [LOG] [Fast Refresh] done in 123ms @ http://localhost:3210/_next/static/chunks/node_modules_next_dist_1ybzpk2._.js:2477
[   93113ms] [LOG] [dbg] recv id=5 len=147456 sum=2869982 zeros=0 byteLen=147456 @ http://localhost:3210/_next/static/chunks/node_modules_next_dist_1ybzpk2._.js:2477
[   95388ms] [LOG] [Fast Refresh] rebuilding @ http://localhost:3210/_next/static/chunks/node_modules_next_dist_1ybzpk2._.js:2477
[   96453ms] [LOG] [Fast Refresh] done in 1146ms @ http://localhost:3210/_next/static/chunks/node_modules_next_dist_1ybzpk2._.js:2477
[   96481ms] [LOG] [dbg] recv id=6 len=147456 sum=2869982 zeros=0 byteLen=147456 @ http://localhost:3210/_next/static/chunks/node_modules_next_dist_1ybzpk2._.js:2477
[   98514ms] [LOG] [Fast Refresh] rebuilding @ http://localhost:3210/_next/static/chunks/node_modules_next_dist_1ybzpk2._.js:2477
[   99456ms] [LOG] [Fast Refresh] done in 1014ms @ http://localhost:3210/_next/static/chunks/node_modules_next_dist_1ybzpk2._.js:2477
