[     311ms] [INFO] %cDownload the React DevTools for a better development experience: https://react.dev/link/react-devtools font-weight:bold @ http://localhost:3210/_next/static/chunks/node_modules_next_dist_1ybzpk2._.js:2477
[     416ms] [LOG] [HMR] connected @ http://localhost:3210/_next/static/chunks/node_modules_next_dist_1ybzpk2._.js:2477
[     695ms] [LOG] [Fast Refresh] rebuilding @ http://localhost:3210/_next/static/chunks/node_modules_next_dist_1ybzpk2._.js:2477
[     716ms] [LOG] [Fast Refresh] done in 123ms @ http://localhost:3210/_next/static/chunks/node_modules_next_dist_1ybzpk2._.js:2477
[   12369ms] [LOG] [Fast Refresh] rebuilding @ http://localhost:3210/_next/static/chunks/node_modules_next_dist_1ybzpk2._.js:2477
[   12385ms] [LOG] [Fast Refresh] done in 116ms @ http://localhost:3210/_next/static/chunks/node_modules_next_dist_1ybzpk2._.js:2477
[   20366ms] [LOG] [dbg] render effect {hasCanvas: true, hasOrig: false, tone: 0, showOriginal: false, busy: false} @ http://localhost:3210/_next/static/chunks/node_modules_next_dist_1ybzpk2._.js:2477
[   20377ms] [LOG] [dbg] render effect {hasCanvas: true, hasOrig: false, tone: 0, showOriginal: false, busy: false} @ http://localhost:3210/_next/static/chunks/node_modules_next_dist_1ybzpk2._.js:2477
[   26219ms] [LOG] [Fast Refresh] rebuilding @ http://localhost:3210/_next/static/chunks/node_modules_next_dist_1ybzpk2._.js:2477
[   26251ms] [LOG] [Fast Refresh] done in 134ms @ http://localhost:3210/_next/static/chunks/node_modules_next_dist_1ybzpk2._.js:2477
[   36199ms] [LOG] [dbg] render effect {hasCanvas: true, hasOrig: true, tone: 40, showOriginal: false, busy: false} @ http://localhost:3210/_next/static/chunks/node_modules_next_dist_1ybzpk2._.js:2477
[   36200ms] [LOG] [dbg] pump {hasWorker: true, hasNext: true, hasOrig: true, busy: false} @ http://localhost:3210/_next/static/chunks/node_modules_next_dist_1ybzpk2._.js:2477
[   36221ms] [LOG] [dbg] pump {hasWorker: true, hasNext: false, hasOrig: true, busy: false} @ http://localhost:3210/_next/static/chunks/node_modules_next_dist_1ybzpk2._.js:2477
[   36339ms] [LOG] [dbg] render effect {hasCanvas: true, hasOrig: true, tone: 41, showOriginal: false, busy: false} @ http://localhost:3210/_next/static/chunks/node_modules_next_dist_1ybzpk2._.js:2477
[   36340ms] [LOG] [dbg] pump {hasWorker: true, hasNext: true, hasOrig: true, busy: false} @ http://localhost:3210/_next/static/chunks/node_modules_next_dist_1ybzpk2._.js:2477
[   36367ms] [LOG] [dbg] pump {hasWorker: true, hasNext: false, hasOrig: true, busy: false} @ http://localhost:3210/_next/static/chunks/node_modules_next_dist_1ybzpk2._.js:2477
[   36472ms] [WARNING] Canvas2D: Multiple readback operations using getImageData are faster with the willReadFrequently attribute set to true. See: https://html.spec.whatwg.org/multipage/canvas.html#concept-canvas-will-read-frequently @ :9
[   36475ms] [LOG] [dbg] render effect {hasCanvas: true, hasOrig: true, tone: 43, showOriginal: false, busy: false} @ http://localhost:3210/_next/static/chunks/node_modules_next_dist_1ybzpk2._.js:2477
[   36476ms] [LOG] [dbg] pump {hasWorker: true, hasNext: true, hasOrig: true, busy: false} @ http://localhost:3210/_next/static/chunks/node_modules_next_dist_1ybzpk2._.js:2477
[   36496ms] [LOG] [dbg] pump {hasWorker: true, hasNext: false, hasOrig: true, busy: false} @ http://localhost:3210/_next/static/chunks/node_modules_next_dist_1ybzpk2._.js:2477
[   36611ms] [LOG] [dbg] render effect {hasCanvas: true, hasOrig: true, tone: 44, showOriginal: false, busy: false} @ http://localhost:3210/_next/static/chunks/node_modules_next_dist_1ybzpk2._.js:2477
[   36614ms] [LOG] [dbg] pump {hasWorker: true, hasNext: true, hasOrig: true, busy: false} @ http://localhost:3210/_next/static/chunks/node_modules_next_dist_1ybzpk2._.js:2477
[   36652ms] [LOG] [dbg] pump {hasWorker: true, hasNext: false, hasOrig: true, busy: false} @ http://localhost:3210/_next/static/chunks/node_modules_next_dist_1ybzpk2._.js:2477
[   36749ms] [LOG] [dbg] render effect {hasCanvas: true, hasOrig: true, tone: 45, showOriginal: false, busy: false} @ http://localhost:3210/_next/static/chunks/node_modules_next_dist_1ybzpk2._.js:2477
[   36751ms] [LOG] [dbg] pump {hasWorker: true, hasNext: true, hasOrig: true, busy: false} @ http://localhost:3210/_next/static/chunks/node_modules_next_dist_1ybzpk2._.js:2477
[   36778ms] [LOG] [dbg] pump {hasWorker: true, hasNext: false, hasOrig: true, busy: false} @ http://localhost:3210/_next/static/chunks/node_modules_next_dist_1ybzpk2._.js:2477
[  118758ms] [ERROR] Failed to load resource: the server responded with a status of 404 (Not Found) @ http://localhost:3210/_next/static/chunks/_next/static/chunks/turbopack-src_components_cc_worker_ts_05cfic4._.js:0
[  118770ms] [ERROR] Failed to load resource: the server responded with a status of 404 (Not Found) @ http://localhost:3210/_next/static/chunks/_next/static/chunks/src_components_cc_worker_ts_1gdnjqz._.js:0
[  118783ms] [ERROR] Failed to load resource: the server responded with a status of 404 (Not Found) @ http://localhost:3210/_next/static/chunks/_next/static/chunks/src_0bixf8o._.js:0
